// Vitest Snapshot v1, https://vitest.dev/guide/snapshot.html

exports[`Migration > should consist of one rule being the major version of the package 1`] = `
{
  "rules": {
    "v21": {
      "create": [Function],
      "defaultOptions": [],
      "meta": {
        "fixable": "code",
        "messages": {},
        "schema": [],
        "type": "problem",
      },
    },
  },
}
`;
