// Jest Snapshot v1, https://goo.gl/fbAQLP

exports[`Server createNotFoundHandler() the handler should call ResultHandler with 404 error 1`] = `
[
  {
    "error": [NotFoundError: Can not POST /v1/test],
    "input": null,
    "logger": {
      "debug": [MockFunction],
      "error": [MockFunction],
      "info": [MockFunction],
      "warn": [MockFunction],
    },
    "output": null,
    "request": {
      "body": {
        "n": 453,
      },
      "header": [MockFunction],
      "method": "POST",
      "path": "/v1/test",
    },
    "response": {
      "end": [MockFunction],
      "json": [MockFunction],
      "set": [MockFunction],
      "status": [MockFunction],
    },
  },
]
`;
