// Vitest Snapshot v1, https://vitest.dev/guide/snapshot.html

exports[`Entrypoint > Exports 1`] = `
{
  "getBrand": [Function],
}
`;
