// Jest Snapshot v1, https://goo.gl/fbAQLP

exports[`Example Client Should perform the request with a positive response 1`] = `
{
  "data": {
    "features": [
      {
        "features": [
          {
            "features": [],
            "title": "Above 180cm",
          },
        ],
        "title": "Tall",
      },
      {
        "features": [],
        "title": "Young",
      },
      {
        "features": [
          {
            "features": [
              {
                "features": [],
                "title": "About Typescript",
              },
            ],
            "title": "Tells funny jokes",
          },
        ],
        "title": "Cute",
      },
    ],
    "id": 10,
    "name": "John Doe",
  },
  "status": "success",
}
`;

exports[`Example Negative GET request should fail on missing input param 1`] = `
{
  "error": {
    "message": "id: Required",
  },
  "status": "error",
}
`;

exports[`Example Negative POST request should fail on schema validation 1`] = `
{
  "error": {
    "message": "id: should be greater than or equal to 0",
  },
  "status": "error",
}
`;

exports[`Example Negative Should respond with error to the missing static file request 1`] = `
{
  "error": {
    "message": "Can not GET /public/missing.svg",
  },
  "status": "error",
}
`;

exports[`Example Positive Should accept raw data 0 1`] = `
{
  "data": {
    "length": 48687,
  },
  "status": "success",
}
`;

exports[`Example Positive Should accept raw data 1 1`] = `
{
  "data": {
    "length": 48687,
  },
  "status": "success",
}
`;

exports[`Example Positive Should send an image with a correct header 1`] = `"f39beeff92379dc935586d726211c2620be6f879"`;

exports[`Example Positive Should serve static files 1`] = `"f39beeff92379dc935586d726211c2620be6f879"`;

exports[`Example Positive Should stream an image with a correct header 1`] = `"f39beeff92379dc935586d726211c2620be6f879"`;

exports[`Example Positive Should upload the file 1`] = `
{
  "data": {
    "hash": "f39beeff92379dc935586d726211c2620be6f879",
    "mime": "image/svg+xml",
    "name": "logo.svg",
    "otherInputs": {
      "arr": [
        "456",
        "789",
      ],
      "num": "123",
      "obj": {
        "some": "thing",
      },
      "str": "test string value",
    },
    "size": 48687,
  },
  "status": "success",
}
`;
