// Vitest Snapshot v1, https://vitest.dev/guide/snapshot.html

exports[`ez.dateIn() > parsing > should handle invalid date 1`] = `
[
  {
    "code": "invalid_format",
    "format": "date",
    "message": "Invalid ISO date",
    "origin": "string",
    "path": [],
    "pattern": "/^(?:(?:\\d\\d[2468][048]|\\d\\d[13579][26]|\\d\\d0[48]|[02468][048]00|[13579][26]00)-02-29|\\d{4}-(?:(?:0[13578]|1[02])-(?:0[1-9]|[12]\\d|3[01])|(?:0[469]|11)-(?:0[1-9]|[12]\\d|30)|(?:02)-(?:0[1-9]|1\\d|2[0-8])))$/",
  },
]
`;

exports[`ez.dateIn() > parsing > should handle invalid format 1`] = `
[
  {
    "code": "invalid_format",
    "format": "date",
    "message": "Invalid ISO date",
    "origin": "string",
    "path": [],
    "pattern": "/^(?:(?:\\d\\d[2468][048]|\\d\\d[13579][26]|\\d\\d0[48]|[02468][048]00|[13579][26]00)-02-29|\\d{4}-(?:(?:0[13578]|1[02])-(?:0[1-9]|[12]\\d|3[01])|(?:0[469]|11)-(?:0[1-9]|[12]\\d|30)|(?:02)-(?:0[1-9]|1\\d|2[0-8])))$/",
  },
]
`;

exports[`ez.dateIn() > parsing > should handle wrong parsed type 1`] = `
[
  {
    "code": "invalid_union",
    "errors": [
      [
        {
          "code": "invalid_type",
          "expected": "string",
          "message": "Invalid input: expected string, received number",
          "path": [],
        },
      ],
      [
        {
          "code": "invalid_type",
          "expected": "string",
          "message": "Invalid input: expected string, received number",
          "path": [],
        },
      ],
      [
        {
          "code": "invalid_type",
          "expected": "string",
          "message": "Invalid input: expected string, received number",
          "path": [],
        },
      ],
    ],
    "message": "Invalid input",
    "path": [],
  },
]
`;
