// Vitest Snapshot v1, https://vitest.dev/guide/snapshot.html

exports[`I/O Schema and related helpers > getFinalEndpointInputSchema() > Should handle no middlewares 1`] = `
{
  "_type": "ZodObject",
  "shape": {
    "four": {
      "_type": "ZodBoolean",
    },
  },
}
`;

exports[`I/O Schema and related helpers > getFinalEndpointInputSchema() > Should merge input object schemas 1`] = `
{
  "_type": "ZodIntersection",
  "left": {
    "_type": "ZodIntersection",
    "left": {
      "_type": "ZodIntersection",
      "left": {
        "_type": "ZodObject",
        "shape": {
          "one": {
            "_type": "ZodString",
          },
        },
      },
      "right": {
        "_type": "ZodObject",
        "shape": {
          "two": {
            "_type": "ZodNumber",
          },
        },
      },
    },
    "right": {
      "_type": "ZodObject",
      "shape": {
        "three": {
          "_type": "ZodNull",
        },
      },
    },
  },
  "right": {
    "_type": "ZodObject",
    "shape": {
      "four": {
        "_type": "ZodBoolean",
      },
    },
  },
}
`;

exports[`I/O Schema and related helpers > getFinalEndpointInputSchema() > Should merge intersection object schemas 1`] = `
{
  "_type": "ZodIntersection",
  "left": {
    "_type": "ZodIntersection",
    "left": {
      "_type": "ZodIntersection",
      "left": {
        "_type": "ZodObject",
        "shape": {
          "one": {
            "_type": "ZodString",
          },
        },
      },
      "right": {
        "_type": "ZodObject",
        "shape": {
          "two": {
            "_type": "ZodNumber",
          },
        },
      },
    },
    "right": {
      "_type": "ZodIntersection",
      "left": {
        "_type": "ZodObject",
        "shape": {
          "three": {
            "_type": "ZodNull",
          },
        },
      },
      "right": {
        "_type": "ZodObject",
        "shape": {
          "four": {
            "_type": "ZodBoolean",
          },
        },
      },
    },
  },
  "right": {
    "_type": "ZodIntersection",
    "left": {
      "_type": "ZodObject",
      "shape": {
        "five": {
          "_type": "ZodString",
        },
      },
    },
    "right": {
      "_type": "ZodObject",
      "shape": {
        "six": {
          "_type": "ZodNumber",
        },
      },
    },
  },
}
`;

exports[`I/O Schema and related helpers > getFinalEndpointInputSchema() > Should merge mixed object schemas 1`] = `
{
  "_type": "ZodIntersection",
  "left": {
    "_type": "ZodIntersection",
    "left": {
      "_type": "ZodIntersection",
      "left": {
        "_type": "ZodObject",
        "shape": {
          "one": {
            "_type": "ZodString",
          },
        },
      },
      "right": {
        "_type": "ZodObject",
        "shape": {
          "two": {
            "_type": "ZodNumber",
          },
        },
      },
    },
    "right": {
      "_type": "ZodUnion",
      "options": [
        {
          "_type": "ZodObject",
          "shape": {
            "three": {
              "_type": "ZodNull",
            },
          },
        },
        {
          "_type": "ZodObject",
          "shape": {
            "four": {
              "_type": "ZodBoolean",
            },
          },
        },
      ],
    },
  },
  "right": {
    "_type": "ZodObject",
    "shape": {
      "five": {
        "_type": "ZodString",
      },
    },
  },
}
`;

exports[`I/O Schema and related helpers > getFinalEndpointInputSchema() > Should merge union object schemas 1`] = `
{
  "_type": "ZodIntersection",
  "left": {
    "_type": "ZodIntersection",
    "left": {
      "_type": "ZodUnion",
      "options": [
        {
          "_type": "ZodObject",
          "shape": {
            "one": {
              "_type": "ZodString",
            },
          },
        },
        {
          "_type": "ZodObject",
          "shape": {
            "two": {
              "_type": "ZodNumber",
            },
          },
        },
      ],
    },
    "right": {
      "_type": "ZodUnion",
      "options": [
        {
          "_type": "ZodObject",
          "shape": {
            "three": {
              "_type": "ZodNull",
            },
          },
        },
        {
          "_type": "ZodObject",
          "shape": {
            "four": {
              "_type": "ZodBoolean",
            },
          },
        },
      ],
    },
  },
  "right": {
    "_type": "ZodUnion",
    "options": [
      {
        "_type": "ZodObject",
        "shape": {
          "five": {
            "_type": "ZodString",
          },
        },
      },
      {
        "_type": "ZodObject",
        "shape": {
          "six": {
            "_type": "ZodNumber",
          },
        },
      },
    ],
  },
}
`;

exports[`I/O Schema and related helpers > getFinalEndpointInputSchema() > Zod Issue #600: can not intersect object schema with passthrough and transformation 1`] = `
ZodError({
  "message": "[
  {
    "code": "invalid_intersection_types",
    "path": [],
    "message": "Intersection results could not be merged"
  }
]",
})
`;
