// Vitest Snapshot v1, https://vitest.dev/guide/snapshot.html

exports[`Metadata > getExamples() > should handle { examples: [ 1, 2, 3 ] } 1`] = `
[
  1,
  2,
  3,
]
`;

exports[`Metadata > getExamples() > should handle { examples: [] } 1`] = `[]`;

exports[`Metadata > getExamples() > should handle { examples: undefined } 1`] = `[]`;

exports[`Metadata > getExamples() > should handle {} 1`] = `[]`;
